Archive member included to satisfy reference by file (symbol)

d:/migue/archivos/archivos de prgroama (x86)/atmel/studio/7.0/toolchain/avr8/avr8-gnu-toolchain/bin/../lib/gcc/avr/5.4.0/avr5\libgcc.a(_mulsi3.o)
                              TIMERSLIBS/TIMER.o (__mulsi3)
d:/migue/archivos/archivos de prgroama (x86)/atmel/studio/7.0/toolchain/avr8/avr8-gnu-toolchain/bin/../lib/gcc/avr/5.4.0/avr5\libgcc.a(_udivmodsi4.o)
                              main.o (__udivmodsi4)
d:/migue/archivos/archivos de prgroama (x86)/atmel/studio/7.0/toolchain/avr8/avr8-gnu-toolchain/bin/../lib/gcc/avr/5.4.0/avr5\libgcc.a(_exit.o)
                              D:/migue/Archivos/Archivos de prgroama (x86)/Atmel/Studio/7.0/Packs/atmel/ATmega_DFP/1.7.374/gcc/dev/atmega328p/avr5/crtatmega328p.o (exit)
d:/migue/archivos/archivos de prgroama (x86)/atmel/studio/7.0/toolchain/avr8/avr8-gnu-toolchain/bin/../lib/gcc/avr/5.4.0/avr5\libgcc.a(_copy_data.o)
                              main.o (__do_copy_data)
d:/migue/archivos/archivos de prgroama (x86)/atmel/studio/7.0/toolchain/avr8/avr8-gnu-toolchain/bin/../lib/gcc/avr/5.4.0/avr5\libgcc.a(_clear_bss.o)
                              main.o (__do_clear_bss)
d:/migue/archivos/archivos de prgroama (x86)/atmel/studio/7.0/toolchain/avr8/avr8-gnu-toolchain/bin/../lib/gcc/avr/5.4.0/avr5\libgcc.a(_umulhisi3.o)
                              main.o (__umulhisi3)
d:/migue/archivos/archivos de prgroama (x86)/atmel/studio/7.0/toolchain/avr8/avr8-gnu-toolchain/bin/../lib/gcc/avr/5.4.0/avr5\libgcc.a(_muluhisi3.o)
                              d:/migue/archivos/archivos de prgroama (x86)/atmel/studio/7.0/toolchain/avr8/avr8-gnu-toolchain/bin/../lib/gcc/avr/5.4.0/avr5\libgcc.a(_mulsi3.o) (__muluhisi3)

Discarded input sections

 .data          0x00000000        0x0 D:/migue/Archivos/Archivos de prgroama (x86)/Atmel/Studio/7.0/Packs/atmel/ATmega_DFP/1.7.374/gcc/dev/atmega328p/avr5/crtatmega328p.o
 .bss           0x00000000        0x0 D:/migue/Archivos/Archivos de prgroama (x86)/Atmel/Studio/7.0/Packs/atmel/ATmega_DFP/1.7.374/gcc/dev/atmega328p/avr5/crtatmega328p.o
 .text          0x00000000        0x0 ADCLIBS/ADC.o
 .data          0x00000000        0x0 ADCLIBS/ADC.o
 .bss           0x00000000        0x0 ADCLIBS/ADC.o
 .text.readADC_8bits
                0x00000000        0xe ADCLIBS/ADC.o
 .text          0x00000000        0x0 EEPROM/EEPROM.o
 .data          0x00000000        0x0 EEPROM/EEPROM.o
 .bss           0x00000000        0x0 EEPROM/EEPROM.o
 .text          0x00000000        0x0 main.o
 .data          0x00000000        0x0 main.o
 .bss           0x00000000        0x0 main.o
 .text          0x00000000        0x0 PWMLIBS/PWM.o
 .data          0x00000000        0x0 PWMLIBS/PWM.o
 .bss           0x00000000        0x0 PWMLIBS/PWM.o
 .text.pulseToAngle
                0x00000000       0x36 PWMLIBS/PWM.o
 .text.setServo_us
                0x00000000       0x1a PWMLIBS/PWM.o
 .text          0x00000000        0x0 TIMERSLIBS/TIMER.o
 .data          0x00000000        0x0 TIMERSLIBS/TIMER.o
 .bss           0x00000000        0x0 TIMERSLIBS/TIMER.o
 .text.timer0SetCompareA
                0x00000000        0x4 TIMERSLIBS/TIMER.o
 .text.timer0Reset
                0x00000000        0x4 TIMERSLIBS/TIMER.o
 .text.timer1Reset
                0x00000000        0xa TIMERSLIBS/TIMER.o
 .text.timer0Stop
                0x00000000        0x8 TIMERSLIBS/TIMER.o
 .text.timer1Stop
                0x00000000        0xc TIMERSLIBS/TIMER.o
 .text.timer0CompareAFlag
                0x00000000        0xc TIMERSLIBS/TIMER.o
 .text.timer1CompareAFlag
                0x00000000        0xc TIMERSLIBS/TIMER.o
 .text          0x00000000        0x0 UARTLIBS/UART.o
 .data          0x00000000        0x0 UARTLIBS/UART.o
 .bss           0x00000000        0x0 UARTLIBS/UART.o
 .text.initUART_Baud
                0x00000000       0x4e UARTLIBS/UART.o
 .text.initUART
                0x00000000        0xe UARTLIBS/UART.o
 .text.writeChar
                0x00000000        0xe UARTLIBS/UART.o
 .text.writeString
                0x00000000       0x26 UARTLIBS/UART.o
 .text.availableUART
                0x00000000       0x10 UARTLIBS/UART.o
 .text.readChar
                0x00000000       0x12 UARTLIBS/UART.o
 .text.writeNumber
                0x00000000       0xf2 UARTLIBS/UART.o
 .text.writeNewLine
                0x00000000        0xe UARTLIBS/UART.o
 .debug_info    0x00000000      0x28c UARTLIBS/UART.o
 .debug_abbrev  0x00000000      0x150 UARTLIBS/UART.o
 .debug_loc     0x00000000      0x1ec UARTLIBS/UART.o
 .debug_aranges
                0x00000000       0x58 UARTLIBS/UART.o
 .debug_ranges  0x00000000       0x48 UARTLIBS/UART.o
 .debug_line    0x00000000      0x23f UARTLIBS/UART.o
 .debug_str     0x00000000      0x241 UARTLIBS/UART.o
 .comment       0x00000000       0x31 UARTLIBS/UART.o
 .debug_frame   0x00000000       0xc0 UARTLIBS/UART.o
 .text          0x00000000        0x0 d:/migue/archivos/archivos de prgroama (x86)/atmel/studio/7.0/toolchain/avr8/avr8-gnu-toolchain/bin/../lib/gcc/avr/5.4.0/avr5\libgcc.a(_mulsi3.o)
 .data          0x00000000        0x0 d:/migue/archivos/archivos de prgroama (x86)/atmel/studio/7.0/toolchain/avr8/avr8-gnu-toolchain/bin/../lib/gcc/avr/5.4.0/avr5\libgcc.a(_mulsi3.o)
 .bss           0x00000000        0x0 d:/migue/archivos/archivos de prgroama (x86)/atmel/studio/7.0/toolchain/avr8/avr8-gnu-toolchain/bin/../lib/gcc/avr/5.4.0/avr5\libgcc.a(_mulsi3.o)
 .text.libgcc.div
                0x00000000        0x0 d:/migue/archivos/archivos de prgroama (x86)/atmel/studio/7.0/toolchain/avr8/avr8-gnu-toolchain/bin/../lib/gcc/avr/5.4.0/avr5\libgcc.a(_mulsi3.o)
 .text.libgcc   0x00000000        0x0 d:/migue/archivos/archivos de prgroama (x86)/atmel/studio/7.0/toolchain/avr8/avr8-gnu-toolchain/bin/../lib/gcc/avr/5.4.0/avr5\libgcc.a(_mulsi3.o)
 .text.libgcc.prologue
                0x00000000        0x0 d:/migue/archivos/archivos de prgroama (x86)/atmel/studio/7.0/toolchain/avr8/avr8-gnu-toolchain/bin/../lib/gcc/avr/5.4.0/avr5\libgcc.a(_mulsi3.o)
 .text.libgcc.builtins
                0x00000000        0x0 d:/migue/archivos/archivos de prgroama (x86)/atmel/studio/7.0/toolchain/avr8/avr8-gnu-toolchain/bin/../lib/gcc/avr/5.4.0/avr5\libgcc.a(_mulsi3.o)
 .text.libgcc.fmul
                0x00000000        0x0 d:/migue/archivos/archivos de prgroama (x86)/atmel/studio/7.0/toolchain/avr8/avr8-gnu-toolchain/bin/../lib/gcc/avr/5.4.0/avr5\libgcc.a(_mulsi3.o)
 .text.libgcc.fixed
                0x00000000        0x0 d:/migue/archivos/archivos de prgroama (x86)/atmel/studio/7.0/toolchain/avr8/avr8-gnu-toolchain/bin/../lib/gcc/avr/5.4.0/avr5\libgcc.a(_mulsi3.o)
 .text          0x00000000        0x0 d:/migue/archivos/archivos de prgroama (x86)/atmel/studio/7.0/toolchain/avr8/avr8-gnu-toolchain/bin/../lib/gcc/avr/5.4.0/avr5\libgcc.a(_udivmodsi4.o)
 .data          0x00000000        0x0 d:/migue/archivos/archivos de prgroama (x86)/atmel/studio/7.0/toolchain/avr8/avr8-gnu-toolchain/bin/../lib/gcc/avr/5.4.0/avr5\libgcc.a(_udivmodsi4.o)
 .bss           0x00000000        0x0 d:/migue/archivos/archivos de prgroama (x86)/atmel/studio/7.0/toolchain/avr8/avr8-gnu-toolchain/bin/../lib/gcc/avr/5.4.0/avr5\libgcc.a(_udivmodsi4.o)
 .text.libgcc.mul
                0x00000000        0x0 d:/migue/archivos/archivos de prgroama (x86)/atmel/studio/7.0/toolchain/avr8/avr8-gnu-toolchain/bin/../lib/gcc/avr/5.4.0/avr5\libgcc.a(_udivmodsi4.o)
 .text.libgcc   0x00000000        0x0 d:/migue/archivos/archivos de prgroama (x86)/atmel/studio/7.0/toolchain/avr8/avr8-gnu-toolchain/bin/../lib/gcc/avr/5.4.0/avr5\libgcc.a(_udivmodsi4.o)
 .text.libgcc.prologue
                0x00000000        0x0 d:/migue/archivos/archivos de prgroama (x86)/atmel/studio/7.0/toolchain/avr8/avr8-gnu-toolchain/bin/../lib/gcc/avr/5.4.0/avr5\libgcc.a(_udivmodsi4.o)
 .text.libgcc.builtins
                0x00000000        0x0 d:/migue/archivos/archivos de prgroama (x86)/atmel/studio/7.0/toolchain/avr8/avr8-gnu-toolchain/bin/../lib/gcc/avr/5.4.0/avr5\libgcc.a(_udivmodsi4.o)
 .text.libgcc.fmul
                0x00000000        0x0 d:/migue/archivos/archivos de prgroama (x86)/atmel/studio/7.0/toolchain/avr8/avr8-gnu-toolchain/bin/../lib/gcc/avr/5.4.0/avr5\libgcc.a(_udivmodsi4.o)
 .text.libgcc.fixed
                0x00000000        0x0 d:/migue/archivos/archivos de prgroama (x86)/atmel/studio/7.0/toolchain/avr8/avr8-gnu-toolchain/bin/../lib/gcc/avr/5.4.0/avr5\libgcc.a(_udivmodsi4.o)
 .text          0x00000000        0x0 d:/migue/archivos/archivos de prgroama (x86)/atmel/studio/7.0/toolchain/avr8/avr8-gnu-toolchain/bin/../lib/gcc/avr/5.4.0/avr5\libgcc.a(_exit.o)
 .data          0x00000000        0x0 d:/migue/archivos/archivos de prgroama (x86)/atmel/studio/7.0/toolchain/avr8/avr8-gnu-toolchain/bin/../lib/gcc/avr/5.4.0/avr5\libgcc.a(_exit.o)
 .bss           0x00000000        0x0 d:/migue/archivos/archivos de prgroama (x86)/atmel/studio/7.0/toolchain/avr8/avr8-gnu-toolchain/bin/../lib/gcc/avr/5.4.0/avr5\libgcc.a(_exit.o)
 .text.libgcc.mul
                0x00000000        0x0 d:/migue/archivos/archivos de prgroama (x86)/atmel/studio/7.0/toolchain/avr8/avr8-gnu-toolchain/bin/../lib/gcc/avr/5.4.0/avr5\libgcc.a(_exit.o)
 .text.libgcc.div
                0x00000000        0x0 d:/migue/archivos/archivos de prgroama (x86)/atmel/studio/7.0/toolchain/avr8/avr8-gnu-toolchain/bin/../lib/gcc/avr/5.4.0/avr5\libgcc.a(_exit.o)
 .text.libgcc   0x00000000        0x0 d:/migue/archivos/archivos de prgroama (x86)/atmel/studio/7.0/toolchain/avr8/avr8-gnu-toolchain/bin/../lib/gcc/avr/5.4.0/avr5\libgcc.a(_exit.o)
 .text.libgcc.prologue
                0x00000000        0x0 d:/migue/archivos/archivos de prgroama (x86)/atmel/studio/7.0/toolchain/avr8/avr8-gnu-toolchain/bin/../lib/gcc/avr/5.4.0/avr5\libgcc.a(_exit.o)
 .text.libgcc.builtins
                0x00000000        0x0 d:/migue/archivos/archivos de prgroama (x86)/atmel/studio/7.0/toolchain/avr8/avr8-gnu-toolchain/bin/../lib/gcc/avr/5.4.0/avr5\libgcc.a(_exit.o)
 .text.libgcc.fmul
                0x00000000        0x0 d:/migue/archivos/archivos de prgroama (x86)/atmel/studio/7.0/toolchain/avr8/avr8-gnu-toolchain/bin/../lib/gcc/avr/5.4.0/avr5\libgcc.a(_exit.o)
 .text.libgcc.fixed
                0x00000000        0x0 d:/migue/archivos/archivos de prgroama (x86)/atmel/studio/7.0/toolchain/avr8/avr8-gnu-toolchain/bin/../lib/gcc/avr/5.4.0/avr5\libgcc.a(_exit.o)
 .text          0x00000000        0x0 d:/migue/archivos/archivos de prgroama (x86)/atmel/studio/7.0/toolchain/avr8/avr8-gnu-toolchain/bin/../lib/gcc/avr/5.4.0/avr5\libgcc.a(_copy_data.o)
 .data          0x00000000        0x0 d:/migue/archivos/archivos de prgroama (x86)/atmel/studio/7.0/toolchain/avr8/avr8-gnu-toolchain/bin/../lib/gcc/avr/5.4.0/avr5\libgcc.a(_copy_data.o)
 .bss           0x00000000        0x0 d:/migue/archivos/archivos de prgroama (x86)/atmel/studio/7.0/toolchain/avr8/avr8-gnu-toolchain/bin/../lib/gcc/avr/5.4.0/avr5\libgcc.a(_copy_data.o)
 .text.libgcc.mul
                0x00000000        0x0 d:/migue/archivos/archivos de prgroama (x86)/atmel/studio/7.0/toolchain/avr8/avr8-gnu-toolchain/bin/../lib/gcc/avr/5.4.0/avr5\libgcc.a(_copy_data.o)
 .text.libgcc.div
                0x00000000        0x0 d:/migue/archivos/archivos de prgroama (x86)/atmel/studio/7.0/toolchain/avr8/avr8-gnu-toolchain/bin/../lib/gcc/avr/5.4.0/avr5\libgcc.a(_copy_data.o)
 .text.libgcc   0x00000000        0x0 d:/migue/archivos/archivos de prgroama (x86)/atmel/studio/7.0/toolchain/avr8/avr8-gnu-toolchain/bin/../lib/gcc/avr/5.4.0/avr5\libgcc.a(_copy_data.o)
 .text.libgcc.prologue
                0x00000000        0x0 d:/migue/archivos/archivos de prgroama (x86)/atmel/studio/7.0/toolchain/avr8/avr8-gnu-toolchain/bin/../lib/gcc/avr/5.4.0/avr5\libgcc.a(_copy_data.o)
 .text.libgcc.builtins
                0x00000000        0x0 d:/migue/archivos/archivos de prgroama (x86)/atmel/studio/7.0/toolchain/avr8/avr8-gnu-toolchain/bin/../lib/gcc/avr/5.4.0/avr5\libgcc.a(_copy_data.o)
 .text.libgcc.fmul
                0x00000000        0x0 d:/migue/archivos/archivos de prgroama (x86)/atmel/studio/7.0/toolchain/avr8/avr8-gnu-toolchain/bin/../lib/gcc/avr/5.4.0/avr5\libgcc.a(_copy_data.o)
 .text.libgcc.fixed
                0x00000000        0x0 d:/migue/archivos/archivos de prgroama (x86)/atmel/studio/7.0/toolchain/avr8/avr8-gnu-toolchain/bin/../lib/gcc/avr/5.4.0/avr5\libgcc.a(_copy_data.o)
 .text          0x00000000        0x0 d:/migue/archivos/archivos de prgroama (x86)/atmel/studio/7.0/toolchain/avr8/avr8-gnu-toolchain/bin/../lib/gcc/avr/5.4.0/avr5\libgcc.a(_clear_bss.o)
 .data          0x00000000        0x0 d:/migue/archivos/archivos de prgroama (x86)/atmel/studio/7.0/toolchain/avr8/avr8-gnu-toolchain/bin/../lib/gcc/avr/5.4.0/avr5\libgcc.a(_clear_bss.o)
 .bss           0x00000000        0x0 d:/migue/archivos/archivos de prgroama (x86)/atmel/studio/7.0/toolchain/avr8/avr8-gnu-toolchain/bin/../lib/gcc/avr/5.4.0/avr5\libgcc.a(_clear_bss.o)
 .text.libgcc.mul
                0x00000000        0x0 d:/migue/archivos/archivos de prgroama (x86)/atmel/studio/7.0/toolchain/avr8/avr8-gnu-toolchain/bin/../lib/gcc/avr/5.4.0/avr5\libgcc.a(_clear_bss.o)
 .text.libgcc.div
                0x00000000        0x0 d:/migue/archivos/archivos de prgroama (x86)/atmel/studio/7.0/toolchain/avr8/avr8-gnu-toolchain/bin/../lib/gcc/avr/5.4.0/avr5\libgcc.a(_clear_bss.o)
 .text.libgcc   0x00000000        0x0 d:/migue/archivos/archivos de prgroama (x86)/atmel/studio/7.0/toolchain/avr8/avr8-gnu-toolchain/bin/../lib/gcc/avr/5.4.0/avr5\libgcc.a(_clear_bss.o)
 .text.libgcc.prologue
                0x00000000        0x0 d:/migue/archivos/archivos de prgroama (x86)/atmel/studio/7.0/toolchain/avr8/avr8-gnu-toolchain/bin/../lib/gcc/avr/5.4.0/avr5\libgcc.a(_clear_bss.o)
 .text.libgcc.builtins
                0x00000000        0x0 d:/migue/archivos/archivos de prgroama (x86)/atmel/studio/7.0/toolchain/avr8/avr8-gnu-toolchain/bin/../lib/gcc/avr/5.4.0/avr5\libgcc.a(_clear_bss.o)
 .text.libgcc.fmul
                0x00000000        0x0 d:/migue/archivos/archivos de prgroama (x86)/atmel/studio/7.0/toolchain/avr8/avr8-gnu-toolchain/bin/../lib/gcc/avr/5.4.0/avr5\libgcc.a(_clear_bss.o)
 .text.libgcc.fixed
                0x00000000        0x0 d:/migue/archivos/archivos de prgroama (x86)/atmel/studio/7.0/toolchain/avr8/avr8-gnu-toolchain/bin/../lib/gcc/avr/5.4.0/avr5\libgcc.a(_clear_bss.o)
 .text          0x00000000        0x0 d:/migue/archivos/archivos de prgroama (x86)/atmel/studio/7.0/toolchain/avr8/avr8-gnu-toolchain/bin/../lib/gcc/avr/5.4.0/avr5\libgcc.a(_umulhisi3.o)
 .data          0x00000000        0x0 d:/migue/archivos/archivos de prgroama (x86)/atmel/studio/7.0/toolchain/avr8/avr8-gnu-toolchain/bin/../lib/gcc/avr/5.4.0/avr5\libgcc.a(_umulhisi3.o)
 .bss           0x00000000        0x0 d:/migue/archivos/archivos de prgroama (x86)/atmel/studio/7.0/toolchain/avr8/avr8-gnu-toolchain/bin/../lib/gcc/avr/5.4.0/avr5\libgcc.a(_umulhisi3.o)
 .text.libgcc.div
                0x00000000        0x0 d:/migue/archivos/archivos de prgroama (x86)/atmel/studio/7.0/toolchain/avr8/avr8-gnu-toolchain/bin/../lib/gcc/avr/5.4.0/avr5\libgcc.a(_umulhisi3.o)
 .text.libgcc   0x00000000        0x0 d:/migue/archivos/archivos de prgroama (x86)/atmel/studio/7.0/toolchain/avr8/avr8-gnu-toolchain/bin/../lib/gcc/avr/5.4.0/avr5\libgcc.a(_umulhisi3.o)
 .text.libgcc.prologue
                0x00000000        0x0 d:/migue/archivos/archivos de prgroama (x86)/atmel/studio/7.0/toolchain/avr8/avr8-gnu-toolchain/bin/../lib/gcc/avr/5.4.0/avr5\libgcc.a(_umulhisi3.o)
 .text.libgcc.builtins
                0x00000000        0x0 d:/migue/archivos/archivos de prgroama (x86)/atmel/studio/7.0/toolchain/avr8/avr8-gnu-toolchain/bin/../lib/gcc/avr/5.4.0/avr5\libgcc.a(_umulhisi3.o)
 .text.libgcc.fmul
                0x00000000        0x0 d:/migue/archivos/archivos de prgroama (x86)/atmel/studio/7.0/toolchain/avr8/avr8-gnu-toolchain/bin/../lib/gcc/avr/5.4.0/avr5\libgcc.a(_umulhisi3.o)
 .text.libgcc.fixed
                0x00000000        0x0 d:/migue/archivos/archivos de prgroama (x86)/atmel/studio/7.0/toolchain/avr8/avr8-gnu-toolchain/bin/../lib/gcc/avr/5.4.0/avr5\libgcc.a(_umulhisi3.o)
 .text          0x00000000        0x0 d:/migue/archivos/archivos de prgroama (x86)/atmel/studio/7.0/toolchain/avr8/avr8-gnu-toolchain/bin/../lib/gcc/avr/5.4.0/avr5\libgcc.a(_muluhisi3.o)
 .data          0x00000000        0x0 d:/migue/archivos/archivos de prgroama (x86)/atmel/studio/7.0/toolchain/avr8/avr8-gnu-toolchain/bin/../lib/gcc/avr/5.4.0/avr5\libgcc.a(_muluhisi3.o)
 .bss           0x00000000        0x0 d:/migue/archivos/archivos de prgroama (x86)/atmel/studio/7.0/toolchain/avr8/avr8-gnu-toolchain/bin/../lib/gcc/avr/5.4.0/avr5\libgcc.a(_muluhisi3.o)
 .text.libgcc.div
                0x00000000        0x0 d:/migue/archivos/archivos de prgroama (x86)/atmel/studio/7.0/toolchain/avr8/avr8-gnu-toolchain/bin/../lib/gcc/avr/5.4.0/avr5\libgcc.a(_muluhisi3.o)
 .text.libgcc   0x00000000        0x0 d:/migue/archivos/archivos de prgroama (x86)/atmel/studio/7.0/toolchain/avr8/avr8-gnu-toolchain/bin/../lib/gcc/avr/5.4.0/avr5\libgcc.a(_muluhisi3.o)
 .text.libgcc.prologue
                0x00000000        0x0 d:/migue/archivos/archivos de prgroama (x86)/atmel/studio/7.0/toolchain/avr8/avr8-gnu-toolchain/bin/../lib/gcc/avr/5.4.0/avr5\libgcc.a(_muluhisi3.o)
 .text.libgcc.builtins
                0x00000000        0x0 d:/migue/archivos/archivos de prgroama (x86)/atmel/studio/7.0/toolchain/avr8/avr8-gnu-toolchain/bin/../lib/gcc/avr/5.4.0/avr5\libgcc.a(_muluhisi3.o)
 .text.libgcc.fmul
                0x00000000        0x0 d:/migue/archivos/archivos de prgroama (x86)/atmel/studio/7.0/toolchain/avr8/avr8-gnu-toolchain/bin/../lib/gcc/avr/5.4.0/avr5\libgcc.a(_muluhisi3.o)
 .text.libgcc.fixed
                0x00000000        0x0 d:/migue/archivos/archivos de prgroama (x86)/atmel/studio/7.0/toolchain/avr8/avr8-gnu-toolchain/bin/../lib/gcc/avr/5.4.0/avr5\libgcc.a(_muluhisi3.o)

Memory Configuration

Name             Origin             Length             Attributes
text             0x00000000         0x00008000         xr
data             0x00800100         0x00000800         rw !x
eeprom           0x00810000         0x00000400         rw !x
fuse             0x00820000         0x00000003         rw !x
lock             0x00830000         0x00000400         rw !x
signature        0x00840000         0x00000400         rw !x
user_signatures  0x00850000         0x00000400         rw !x
*default*        0x00000000         0xffffffff

Linker script and memory map

Address of section .data set to 0x800100
LOAD D:/migue/Archivos/Archivos de prgroama (x86)/Atmel/Studio/7.0/Packs/atmel/ATmega_DFP/1.7.374/gcc/dev/atmega328p/avr5/crtatmega328p.o
LOAD ADCLIBS/ADC.o
LOAD EEPROM/EEPROM.o
LOAD main.o
LOAD PWMLIBS/PWM.o
LOAD TIMERSLIBS/TIMER.o
LOAD UARTLIBS/UART.o
START GROUP
LOAD d:/migue/archivos/archivos de prgroama (x86)/atmel/studio/7.0/toolchain/avr8/avr8-gnu-toolchain/bin/../lib/gcc/avr/5.4.0/../../../../avr/lib/avr5\libm.a
END GROUP
START GROUP
LOAD d:/migue/archivos/archivos de prgroama (x86)/atmel/studio/7.0/toolchain/avr8/avr8-gnu-toolchain/bin/../lib/gcc/avr/5.4.0/avr5\libgcc.a
LOAD d:/migue/archivos/archivos de prgroama (x86)/atmel/studio/7.0/toolchain/avr8/avr8-gnu-toolchain/bin/../lib/gcc/avr/5.4.0/../../../../avr/lib/avr5\libm.a
LOAD d:/migue/archivos/archivos de prgroama (x86)/atmel/studio/7.0/toolchain/avr8/avr8-gnu-toolchain/bin/../lib/gcc/avr/5.4.0/../../../../avr/lib/avr5\libc.a
LOAD D:/migue/Archivos/Archivos de prgroama (x86)/Atmel/Studio/7.0/Packs/atmel/ATmega_DFP/1.7.374/gcc/dev/atmega328p/avr5\libatmega328p.a
END GROUP
                0x00000000                __TEXT_REGION_ORIGIN__ = DEFINED (__TEXT_REGION_ORIGIN__)?__TEXT_REGION_ORIGIN__:0x0
                [0x00800100]                __DATA_REGION_ORIGIN__ = DEFINED (__DATA_REGION_ORIGIN__)?__DATA_REGION_ORIGIN__:0x800060
                [0x00008000]                __TEXT_REGION_LENGTH__ = DEFINED (__TEXT_REGION_LENGTH__)?__TEXT_REGION_LENGTH__:0x20000
                [0x00000800]                __DATA_REGION_LENGTH__ = DEFINED (__DATA_REGION_LENGTH__)?__DATA_REGION_LENGTH__:0xffa0
                [0x00000400]                __EEPROM_REGION_LENGTH__ = DEFINED (__EEPROM_REGION_LENGTH__)?__EEPROM_REGION_LENGTH__:0x10000
                [0x00000003]                __FUSE_REGION_LENGTH__ = DEFINED (__FUSE_REGION_LENGTH__)?__FUSE_REGION_LENGTH__:0x400
                0x00000400                __LOCK_REGION_LENGTH__ = DEFINED (__LOCK_REGION_LENGTH__)?__LOCK_REGION_LENGTH__:0x400
                0x00000400                __SIGNATURE_REGION_LENGTH__ = DEFINED (__SIGNATURE_REGION_LENGTH__)?__SIGNATURE_REGION_LENGTH__:0x400
                0x00000400                __USER_SIGNATURE_REGION_LENGTH__ = DEFINED (__USER_SIGNATURE_REGION_LENGTH__)?__USER_SIGNATURE_REGION_LENGTH__:0x400

.hash
 *(.hash)

.dynsym
 *(.dynsym)

.dynstr
 *(.dynstr)

.gnu.version
 *(.gnu.version)

.gnu.version_d
 *(.gnu.version_d)

.gnu.version_r
 *(.gnu.version_r)

.rel.init
 *(.rel.init)

.rela.init
 *(.rela.init)

.rel.text
 *(.rel.text)
 *(.rel.text.*)
 *(.rel.gnu.linkonce.t*)

.rela.text
 *(.rela.text)
 *(.rela.text.*)
 *(.rela.gnu.linkonce.t*)

.rel.fini
 *(.rel.fini)

.rela.fini
 *(.rela.fini)

.rel.rodata
 *(.rel.rodata)
 *(.rel.rodata.*)
 *(.rel.gnu.linkonce.r*)

.rela.rodata
 *(.rela.rodata)
 *(.rela.rodata.*)
 *(.rela.gnu.linkonce.r*)

.rel.data
 *(.rel.data)
 *(.rel.data.*)
 *(.rel.gnu.linkonce.d*)

.rela.data
 *(.rela.data)
 *(.rela.data.*)
 *(.rela.gnu.linkonce.d*)

.rel.ctors
 *(.rel.ctors)

.rela.ctors
 *(.rela.ctors)

.rel.dtors
 *(.rel.dtors)

.rela.dtors
 *(.rela.dtors)

.rel.got
 *(.rel.got)

.rela.got
 *(.rela.got)

.rel.bss
 *(.rel.bss)

.rela.bss
 *(.rela.bss)

.rel.plt
 *(.rel.plt)

.rela.plt
 *(.rela.plt)

.text           0x00000000      0x984
 *(.vectors)
 .vectors       0x00000000       0x68 D:/migue/Archivos/Archivos de prgroama (x86)/Atmel/Studio/7.0/Packs/atmel/ATmega_DFP/1.7.374/gcc/dev/atmega328p/avr5/crtatmega328p.o
                0x00000000                __vector_default
                0x00000000                __vectors
 *(.vectors)
 *(.progmem.gcc*)
                0x00000068                . = ALIGN (0x2)
                0x00000068                __trampolines_start = .
 *(.trampolines)
 .trampolines   0x00000068        0x0 linker stubs
 *(.trampolines*)
                0x00000068                __trampolines_end = .
 *libprintf_flt.a:*(.progmem.data)
 *libc.a:*(.progmem.data)
 *(.progmem*)
                0x00000068                . = ALIGN (0x2)
 *(.jumptables)
 *(.jumptables*)
 *(.lowtext)
 *(.lowtext*)
                0x00000068                __ctors_start = .
 *(.ctors)
                0x00000068                __ctors_end = .
                0x00000068                __dtors_start = .
 *(.dtors)
                0x00000068                __dtors_end = .
 SORT(*)(.ctors)
 SORT(*)(.dtors)
 *(.init0)
 .init0         0x00000068        0x0 D:/migue/Archivos/Archivos de prgroama (x86)/Atmel/Studio/7.0/Packs/atmel/ATmega_DFP/1.7.374/gcc/dev/atmega328p/avr5/crtatmega328p.o
                0x00000068                __init
 *(.init0)
 *(.init1)
 *(.init1)
 *(.init2)
 .init2         0x00000068        0xc D:/migue/Archivos/Archivos de prgroama (x86)/Atmel/Studio/7.0/Packs/atmel/ATmega_DFP/1.7.374/gcc/dev/atmega328p/avr5/crtatmega328p.o
 *(.init2)
 *(.init3)
 *(.init3)
 *(.init4)
 .init4         0x00000074       0x16 d:/migue/archivos/archivos de prgroama (x86)/atmel/studio/7.0/toolchain/avr8/avr8-gnu-toolchain/bin/../lib/gcc/avr/5.4.0/avr5\libgcc.a(_copy_data.o)
                0x00000074                __do_copy_data
 .init4         0x0000008a       0x10 d:/migue/archivos/archivos de prgroama (x86)/atmel/studio/7.0/toolchain/avr8/avr8-gnu-toolchain/bin/../lib/gcc/avr/5.4.0/avr5\libgcc.a(_clear_bss.o)
                0x0000008a                __do_clear_bss
 *(.init4)
 *(.init5)
 *(.init5)
 *(.init6)
 *(.init6)
 *(.init7)
 *(.init7)
 *(.init8)
 *(.init8)
 *(.init9)
 .init9         0x0000009a        0x8 D:/migue/Archivos/Archivos de prgroama (x86)/Atmel/Studio/7.0/Packs/atmel/ATmega_DFP/1.7.374/gcc/dev/atmega328p/avr5/crtatmega328p.o
 *(.init9)
 *(.text)
 .text          0x000000a2        0x4 D:/migue/Archivos/Archivos de prgroama (x86)/Atmel/Studio/7.0/Packs/atmel/ATmega_DFP/1.7.374/gcc/dev/atmega328p/avr5/crtatmega328p.o
                0x000000a2                __vector_22
                0x000000a2                __vector_1
                0x000000a2                __vector_24
                0x000000a2                __vector_12
                0x000000a2                __bad_interrupt
                0x000000a2                __vector_6
                0x000000a2                __vector_3
                0x000000a2                __vector_23
                0x000000a2                __vector_25
                0x000000a2                __vector_13
                0x000000a2                __vector_17
                0x000000a2                __vector_19
                0x000000a2                __vector_7
                0x000000a2                __vector_5
                0x000000a2                __vector_4
                0x000000a2                __vector_9
                0x000000a2                __vector_2
                0x000000a2                __vector_21
                0x000000a2                __vector_15
                0x000000a2                __vector_8
                0x000000a2                __vector_10
                0x000000a2                __vector_16
                0x000000a2                __vector_18
                0x000000a2                __vector_20
                0x000000a6                . = ALIGN (0x2)
 *(.text.*)
 .text.initADC  0x000000a6       0x12 ADCLIBS/ADC.o
                0x000000a6                initADC
 .text.readADC  0x000000b8       0x2a ADCLIBS/ADC.o
                0x000000b8                readADC
 .text.initEEPROM
                0x000000e2        0x8 EEPROM/EEPROM.o
                0x000000e2                initEEPROM
 .text.readEEPROM
                0x000000ea       0x12 EEPROM/EEPROM.o
                0x000000ea                readEEPROM
 .text.writeEEPROM
                0x000000fc       0x24 EEPROM/EEPROM.o
                0x000000fc                writeEEPROM
 .text.updateEEPROM
                0x00000120       0x22 EEPROM/EEPROM.o
                0x00000120                updateEEPROM
 .text.readEEPROM_Block
                0x00000142       0x48 EEPROM/EEPROM.o
                0x00000142                readEEPROM_Block
 .text.writeEEPROM_Block
                0x0000018a       0x3e EEPROM/EEPROM.o
                0x0000018a                writeEEPROM_Block
 .text.initBotones
                0x000001c8        0xe main.o
                0x000001c8                initBotones
 .text.initLEDModo
                0x000001d6        0xe main.o
                0x000001d6                initLEDModo
 .text.mapADCToAngle
                0x000001e4       0x26 main.o
                0x000001e4                mapADCToAngle
 .text.actualizarServosManual
                0x0000020a       0x22 main.o
                0x0000020a                actualizarServosManual
 .text.guardarPosicionEEPROM
                0x0000022c       0x6e main.o
                0x0000022c                guardarPosicionEEPROM
 .text.cargarPosicionEEPROM
                0x0000029a       0x7c main.o
                0x0000029a                cargarPosicionEEPROM
 .text.botonGuardarPresionado
                0x00000316       0x42 main.o
                0x00000316                botonGuardarPresionado
 .text.botonReproducirPresionado
                0x00000358       0x42 main.o
                0x00000358                botonReproducirPresionado
 .text.actualizarLEDModo
                0x0000039a       0x18 main.o
                0x0000039a                actualizarLEDModo
 .text.main     0x000003b2       0xbc main.o
                0x000003b2                main
 .text.__vector_11
                0x0000046e      0x188 main.o
                0x0000046e                __vector_11
 .text.__vector_14
                0x000005f6       0x22 main.o
                0x000005f6                __vector_14
 .text.setServo
                0x00000618       0x16 PWMLIBS/PWM.o
                0x00000618                setServo
 .text.getServo
                0x0000062e       0x14 PWMLIBS/PWM.o
                0x0000062e                getServo
 .text.angleToPulse_us
                0x00000642       0x26 PWMLIBS/PWM.o
                0x00000642                angleToPulse_us
 .text.getServo_us
                0x00000668       0x1a PWMLIBS/PWM.o
                0x00000668                getServo_us
 .text.servoHigh
                0x00000682       0x30 PWMLIBS/PWM.o
                0x00000682                servoHigh
 .text.servoLow
                0x000006b2       0x30 PWMLIBS/PWM.o
                0x000006b2                servoLow
 .text.servoAllLow
                0x000006e2       0x1a PWMLIBS/PWM.o
                0x000006e2                servoAllLow
 .text.initPWM  0x000006fc       0x3e PWMLIBS/PWM.o
                0x000006fc                initPWM
 .text.getTimer0PrescalerBits
                0x0000073a       0x3c TIMERSLIBS/TIMER.o
 .text.getTimer1PrescalerBits
                0x00000776       0x3c TIMERSLIBS/TIMER.o
 .text.timer1SetCompareA
                0x000007b2        0xa TIMERSLIBS/TIMER.o
                0x000007b2                timer1SetCompareA
 .text.timer0ClearCompareAFlag
                0x000007bc        0x8 TIMERSLIBS/TIMER.o
                0x000007bc                timer0ClearCompareAFlag
 .text.initTimer0_CTC
                0x000007c4       0x20 TIMERSLIBS/TIMER.o
                0x000007c4                initTimer0_CTC
 .text.timer1ClearCompareAFlag
                0x000007e4        0x8 TIMERSLIBS/TIMER.o
                0x000007e4                timer1ClearCompareAFlag
 .text.initTimer1_CTC
                0x000007ec       0x3a TIMERSLIBS/TIMER.o
                0x000007ec                initTimer1_CTC
 .text.timer0_usToTicks
                0x00000826       0x62 TIMERSLIBS/TIMER.o
                0x00000826                timer0_usToTicks
 .text.timer1_usToTicks
                0x00000888       0x60 TIMERSLIBS/TIMER.o
                0x00000888                timer1_usToTicks
 .text.libgcc.mul
                0x000008e8       0x20 d:/migue/archivos/archivos de prgroama (x86)/atmel/studio/7.0/toolchain/avr8/avr8-gnu-toolchain/bin/../lib/gcc/avr/5.4.0/avr5\libgcc.a(_mulsi3.o)
                0x000008e8                __mulsi3
 .text.libgcc.div
                0x00000908       0x44 d:/migue/archivos/archivos de prgroama (x86)/atmel/studio/7.0/toolchain/avr8/avr8-gnu-toolchain/bin/../lib/gcc/avr/5.4.0/avr5\libgcc.a(_udivmodsi4.o)
                0x00000908                __udivmodsi4
 .text.libgcc.mul
                0x0000094c       0x1e d:/migue/archivos/archivos de prgroama (x86)/atmel/studio/7.0/toolchain/avr8/avr8-gnu-toolchain/bin/../lib/gcc/avr/5.4.0/avr5\libgcc.a(_umulhisi3.o)
                0x0000094c                __umulhisi3
 .text.libgcc.mul
                0x0000096a       0x16 d:/migue/archivos/archivos de prgroama (x86)/atmel/studio/7.0/toolchain/avr8/avr8-gnu-toolchain/bin/../lib/gcc/avr/5.4.0/avr5\libgcc.a(_muluhisi3.o)
                0x0000096a                __muluhisi3
                0x00000980                . = ALIGN (0x2)
 *(.fini9)
 .fini9         0x00000980        0x0 d:/migue/archivos/archivos de prgroama (x86)/atmel/studio/7.0/toolchain/avr8/avr8-gnu-toolchain/bin/../lib/gcc/avr/5.4.0/avr5\libgcc.a(_exit.o)
                0x00000980                _exit
                0x00000980                exit
 *(.fini9)
 *(.fini8)
 *(.fini8)
 *(.fini7)
 *(.fini7)
 *(.fini6)
 *(.fini6)
 *(.fini5)
 *(.fini5)
 *(.fini4)
 *(.fini4)
 *(.fini3)
 *(.fini3)
 *(.fini2)
 *(.fini2)
 *(.fini1)
 *(.fini1)
 *(.fini0)
 .fini0         0x00000980        0x4 d:/migue/archivos/archivos de prgroama (x86)/atmel/studio/7.0/toolchain/avr8/avr8-gnu-toolchain/bin/../lib/gcc/avr/5.4.0/avr5\libgcc.a(_exit.o)
 *(.fini0)
                0x00000984                _etext = .

.data           0x00800100        0x6 load address 0x00000984
                0x00800100                PROVIDE (__data_start, .)
 *(.data)
 *(.data*)
 .data.estadoAnterior.1756
                0x00800100        0x1 main.o
 .data.estadoAnterior.1748
                0x00800101        0x1 main.o
 .data.servoAngulo
                0x00800102        0x4 PWMLIBS/PWM.o
 *(.gnu.linkonce.d*)
 *(.rodata)
 *(.rodata*)
 *(.gnu.linkonce.r*)
                0x00800106                . = ALIGN (0x2)
                0x00800106                _edata = .
                0x00800106                PROVIDE (__data_end, .)

.bss            0x00800106        0xc
                0x00800106                PROVIDE (__bss_start, .)
 *(.bss)
 *(.bss*)
 .bss.ultimoTick.1757
                0x00800106        0x1 main.o
 .bss.ultimoTick.1749
                0x00800107        0x1 main.o
 .bss.posicionReproducir
                0x00800108        0x1 main.o
                0x00800108                posicionReproducir
 .bss.posicionGuardar
                0x00800109        0x1 main.o
                0x00800109                posicionGuardar
 .bss.modoFuncionamiento
                0x0080010a        0x1 main.o
                0x0080010a                modoFuncionamiento
 .bss.contador10ms
                0x0080010b        0x1 main.o
                0x0080010b                contador10ms
 .bss.tiempoAcumuladoTicks
                0x0080010c        0x4 main.o
                0x0080010c                tiempoAcumuladoTicks
 .bss.estadoPulsoServo
                0x00800110        0x1 main.o
                0x00800110                estadoPulsoServo
 .bss.servoActual
                0x00800111        0x1 main.o
                0x00800111                servoActual
 *(COMMON)
                0x00800112                PROVIDE (__bss_end, .)
                0x00000984                __data_load_start = LOADADDR (.data)
                0x0000098a                __data_load_end = (__data_load_start + SIZEOF (.data))

.noinit         0x00800112        0x0
                [!provide]                PROVIDE (__noinit_start, .)
 *(.noinit*)
                [!provide]                PROVIDE (__noinit_end, .)
                0x00800112                _end = .
                [!provide]                PROVIDE (__heap_start, .)

.eeprom         0x00810000        0x0
 *(.eeprom*)
                0x00810000                __eeprom_end = .

.fuse
 *(.fuse)
 *(.lfuse)
 *(.hfuse)
 *(.efuse)

.lock
 *(.lock*)

.signature
 *(.signature*)

.user_signatures
 *(.user_signatures*)

.stab
 *(.stab)

.stabstr
 *(.stabstr)

.stab.excl
 *(.stab.excl)

.stab.exclstr
 *(.stab.exclstr)

.stab.index
 *(.stab.index)

.stab.indexstr
 *(.stab.indexstr)

.comment        0x00000000       0x30
 *(.comment)
 .comment       0x00000000       0x30 ADCLIBS/ADC.o
                                 0x31 (size before relaxing)
 .comment       0x00000030       0x31 EEPROM/EEPROM.o
 .comment       0x00000030       0x31 main.o
 .comment       0x00000030       0x31 PWMLIBS/PWM.o
 .comment       0x00000030       0x31 TIMERSLIBS/TIMER.o

.note.gnu.avr.deviceinfo
                0x00000000       0x40
 .note.gnu.avr.deviceinfo
                0x00000000       0x40 D:/migue/Archivos/Archivos de prgroama (x86)/Atmel/Studio/7.0/Packs/atmel/ATmega_DFP/1.7.374/gcc/dev/atmega328p/avr5/crtatmega328p.o

.note.gnu.build-id
 *(.note.gnu.build-id)

.debug
 *(.debug)

.line
 *(.line)

.debug_srcinfo
 *(.debug_srcinfo)

.debug_sfnames
 *(.debug_sfnames)

.debug_aranges  0x00000000      0x1f0
 *(.debug_aranges)
 .debug_aranges
                0x00000000       0x30 ADCLIBS/ADC.o
 .debug_aranges
                0x00000030       0x48 EEPROM/EEPROM.o
 .debug_aranges
                0x00000078       0x78 main.o
 .debug_aranges
                0x000000f0       0x68 PWMLIBS/PWM.o
 .debug_aranges
                0x00000158       0x98 TIMERSLIBS/TIMER.o

.debug_pubnames
 *(.debug_pubnames)

.debug_info     0x00000000     0x1686
 *(.debug_info .gnu.linkonce.wi.*)
 .debug_info    0x00000000      0x5f4 D:/migue/Archivos/Archivos de prgroama (x86)/Atmel/Studio/7.0/Packs/atmel/ATmega_DFP/1.7.374/gcc/dev/atmega328p/avr5/crtatmega328p.o
 .debug_info    0x000005f4      0x106 ADCLIBS/ADC.o
 .debug_info    0x000006fa      0x23a EEPROM/EEPROM.o
 .debug_info    0x00000934      0x6f2 main.o
 .debug_info    0x00001026      0x32a PWMLIBS/PWM.o
 .debug_info    0x00001350      0x336 TIMERSLIBS/TIMER.o

.debug_abbrev   0x00000000      0xbc1
 *(.debug_abbrev)
 .debug_abbrev  0x00000000      0x5a2 D:/migue/Archivos/Archivos de prgroama (x86)/Atmel/Studio/7.0/Packs/atmel/ATmega_DFP/1.7.374/gcc/dev/atmega328p/avr5/crtatmega328p.o
 .debug_abbrev  0x000005a2       0xbc ADCLIBS/ADC.o
 .debug_abbrev  0x0000065e      0x13c EEPROM/EEPROM.o
 .debug_abbrev  0x0000079a      0x1c2 main.o
 .debug_abbrev  0x0000095c      0x125 PWMLIBS/PWM.o
 .debug_abbrev  0x00000a81      0x140 TIMERSLIBS/TIMER.o

.debug_line     0x00000000      0xe61
 *(.debug_line .debug_line.* .debug_line_end)
 .debug_line    0x00000000      0x134 D:/migue/Archivos/Archivos de prgroama (x86)/Atmel/Studio/7.0/Packs/atmel/ATmega_DFP/1.7.374/gcc/dev/atmega328p/avr5/crtatmega328p.o
 .debug_line    0x00000134      0x123 ADCLIBS/ADC.o
 .debug_line    0x00000257      0x1dd EEPROM/EEPROM.o
 .debug_line    0x00000434      0x486 main.o
 .debug_line    0x000008ba      0x298 PWMLIBS/PWM.o
 .debug_line    0x00000b52      0x30f TIMERSLIBS/TIMER.o

.debug_frame    0x00000000      0x494
 *(.debug_frame)
 .debug_frame   0x00000000       0x44 ADCLIBS/ADC.o
 .debug_frame   0x00000044       0xcc EEPROM/EEPROM.o
 .debug_frame   0x00000110      0x180 main.o
 .debug_frame   0x00000290       0xbc PWMLIBS/PWM.o
 .debug_frame   0x0000034c      0x148 TIMERSLIBS/TIMER.o

.debug_str      0x00000000      0x7ee
 *(.debug_str)
 .debug_str     0x00000000      0x208 D:/migue/Archivos/Archivos de prgroama (x86)/Atmel/Studio/7.0/Packs/atmel/ATmega_DFP/1.7.374/gcc/dev/atmega328p/avr5/crtatmega328p.o
 .debug_str     0x00000208      0x193 ADCLIBS/ADC.o
                                0x1c7 (size before relaxing)
 .debug_str     0x0000039b       0xaa EEPROM/EEPROM.o
                                0x233 (size before relaxing)
 .debug_str     0x00000445      0x24e main.o
                                0x435 (size before relaxing)
 .debug_str     0x00000693       0x5b PWMLIBS/PWM.o
                                0x23c (size before relaxing)
 .debug_str     0x000006ee      0x100 TIMERSLIBS/TIMER.o
                                0x2e4 (size before relaxing)

.debug_loc      0x00000000      0xe71
 *(.debug_loc)
 .debug_loc     0x00000000       0x67 ADCLIBS/ADC.o
 .debug_loc     0x00000067      0x357 EEPROM/EEPROM.o
 .debug_loc     0x000003be      0x479 main.o
 .debug_loc     0x00000837      0x242 PWMLIBS/PWM.o
 .debug_loc     0x00000a79      0x3f8 TIMERSLIBS/TIMER.o

.debug_macinfo
 *(.debug_macinfo)

.debug_weaknames
 *(.debug_weaknames)

.debug_funcnames
 *(.debug_funcnames)

.debug_typenames
 *(.debug_typenames)

.debug_varnames
 *(.debug_varnames)

.debug_pubtypes
 *(.debug_pubtypes)

.debug_ranges   0x00000000      0x1a0
 *(.debug_ranges)
 .debug_ranges  0x00000000       0x20 ADCLIBS/ADC.o
 .debug_ranges  0x00000020       0x38 EEPROM/EEPROM.o
 .debug_ranges  0x00000058       0x68 main.o
 .debug_ranges  0x000000c0       0x58 PWMLIBS/PWM.o
 .debug_ranges  0x00000118       0x88 TIMERSLIBS/TIMER.o

.debug_macro
 *(.debug_macro)
OUTPUT(PROYECTO 2.elf elf32-avr)
LOAD linker stubs
