Archive member included to satisfy reference by file (symbol)

d:/migue/archivos/archivos de prgroama (x86)/atmel/studio/7.0/toolchain/avr8/avr8-gnu-toolchain/bin/../lib/gcc/avr/5.4.0/avr5\libgcc.a(_mulsi3.o)
                              TIMERSLIBS/TIMER.o (__mulsi3)
d:/migue/archivos/archivos de prgroama (x86)/atmel/studio/7.0/toolchain/avr8/avr8-gnu-toolchain/bin/../lib/gcc/avr/5.4.0/avr5\libgcc.a(_udivmodsi4.o)
                              PWMLIBS/PWM.o (__udivmodsi4)
d:/migue/archivos/archivos de prgroama (x86)/atmel/studio/7.0/toolchain/avr8/avr8-gnu-toolchain/bin/../lib/gcc/avr/5.4.0/avr5\libgcc.a(_exit.o)
                              D:/migue/Archivos/Archivos de prgroama (x86)/Atmel/Studio/7.0/Packs/atmel/ATmega_DFP/1.7.374/gcc/dev/atmega328p/avr5/crtatmega328p.o (exit)
d:/migue/archivos/archivos de prgroama (x86)/atmel/studio/7.0/toolchain/avr8/avr8-gnu-toolchain/bin/../lib/gcc/avr/5.4.0/avr5\libgcc.a(_copy_data.o)
                              main.o (__do_copy_data)
d:/migue/archivos/archivos de prgroama (x86)/atmel/studio/7.0/toolchain/avr8/avr8-gnu-toolchain/bin/../lib/gcc/avr/5.4.0/avr5\libgcc.a(_clear_bss.o)
                              main.o (__do_clear_bss)
d:/migue/archivos/archivos de prgroama (x86)/atmel/studio/7.0/toolchain/avr8/avr8-gnu-toolchain/bin/../lib/gcc/avr/5.4.0/avr5\libgcc.a(_umulhisi3.o)
                              PWMLIBS/PWM.o (__umulhisi3)
d:/migue/archivos/archivos de prgroama (x86)/atmel/studio/7.0/toolchain/avr8/avr8-gnu-toolchain/bin/../lib/gcc/avr/5.4.0/avr5\libgcc.a(_muluhisi3.o)
                              d:/migue/archivos/archivos de prgroama (x86)/atmel/studio/7.0/toolchain/avr8/avr8-gnu-toolchain/bin/../lib/gcc/avr/5.4.0/avr5\libgcc.a(_mulsi3.o) (__muluhisi3)

Discarded input sections

 .data          0x00000000        0x0 D:/migue/Archivos/Archivos de prgroama (x86)/Atmel/Studio/7.0/Packs/atmel/ATmega_DFP/1.7.374/gcc/dev/atmega328p/avr5/crtatmega328p.o
 .bss           0x00000000        0x0 D:/migue/Archivos/Archivos de prgroama (x86)/Atmel/Studio/7.0/Packs/atmel/ATmega_DFP/1.7.374/gcc/dev/atmega328p/avr5/crtatmega328p.o
 .text          0x00000000        0x0 ADCLIBS/ADC.o
 .data          0x00000000        0x0 ADCLIBS/ADC.o
 .bss           0x00000000        0x0 ADCLIBS/ADC.o
 .text.readADC_8bits
                0x00000000        0xe ADCLIBS/ADC.o
 .text          0x00000000        0x0 EEPROM/EEPROM.o
 .data          0x00000000        0x0 EEPROM/EEPROM.o
 .bss           0x00000000        0x0 EEPROM/EEPROM.o
 .text          0x00000000        0x0 main.o
 .data          0x00000000        0x0 main.o
 .bss           0x00000000        0x0 main.o
 .text          0x00000000        0x0 PWMLIBS/PWM.o
 .data          0x00000000        0x0 PWMLIBS/PWM.o
 .bss           0x00000000        0x0 PWMLIBS/PWM.o
 .text          0x00000000        0x0 TIMERSLIBS/TIMER.o
 .data          0x00000000        0x0 TIMERSLIBS/TIMER.o
 .bss           0x00000000        0x0 TIMERSLIBS/TIMER.o
 .text.getTimer1PrescalerBits
                0x00000000       0x3c TIMERSLIBS/TIMER.o
 .text.timer0SetCompareA
                0x00000000        0x4 TIMERSLIBS/TIMER.o
 .text.timer1SetCompareA
                0x00000000        0xa TIMERSLIBS/TIMER.o
 .text.timer0Reset
                0x00000000        0x4 TIMERSLIBS/TIMER.o
 .text.timer1Reset
                0x00000000        0xa TIMERSLIBS/TIMER.o
 .text.timer0Stop
                0x00000000        0x8 TIMERSLIBS/TIMER.o
 .text.timer1Stop
                0x00000000        0xc TIMERSLIBS/TIMER.o
 .text.timer0CompareAFlag
                0x00000000        0xc TIMERSLIBS/TIMER.o
 .text.timer1CompareAFlag
                0x00000000        0xc TIMERSLIBS/TIMER.o
 .text.timer1ClearCompareAFlag
                0x00000000        0x8 TIMERSLIBS/TIMER.o
 .text.initTimer1_CTC
                0x00000000       0x3a TIMERSLIBS/TIMER.o
 .text.timer1_usToTicks
                0x00000000       0x60 TIMERSLIBS/TIMER.o
 .text          0x00000000        0x0 UARTLIBS/UART.o
 .data          0x00000000        0x0 UARTLIBS/UART.o
 .bss           0x00000000        0x0 UARTLIBS/UART.o
 .text.availableUART
                0x00000000       0x10 UARTLIBS/UART.o
 .text.readChar
                0x00000000       0x12 UARTLIBS/UART.o
 .text.writeNumber
                0x00000000       0xf2 UARTLIBS/UART.o
 .text          0x00000000        0x0 d:/migue/archivos/archivos de prgroama (x86)/atmel/studio/7.0/toolchain/avr8/avr8-gnu-toolchain/bin/../lib/gcc/avr/5.4.0/avr5\libgcc.a(_mulsi3.o)
 .data          0x00000000        0x0 d:/migue/archivos/archivos de prgroama (x86)/atmel/studio/7.0/toolchain/avr8/avr8-gnu-toolchain/bin/../lib/gcc/avr/5.4.0/avr5\libgcc.a(_mulsi3.o)
 .bss           0x00000000        0x0 d:/migue/archivos/archivos de prgroama (x86)/atmel/studio/7.0/toolchain/avr8/avr8-gnu-toolchain/bin/../lib/gcc/avr/5.4.0/avr5\libgcc.a(_mulsi3.o)
 .text.libgcc.div
                0x00000000        0x0 d:/migue/archivos/archivos de prgroama (x86)/atmel/studio/7.0/toolchain/avr8/avr8-gnu-toolchain/bin/../lib/gcc/avr/5.4.0/avr5\libgcc.a(_mulsi3.o)
 .text.libgcc   0x00000000        0x0 d:/migue/archivos/archivos de prgroama (x86)/atmel/studio/7.0/toolchain/avr8/avr8-gnu-toolchain/bin/../lib/gcc/avr/5.4.0/avr5\libgcc.a(_mulsi3.o)
 .text.libgcc.prologue
                0x00000000        0x0 d:/migue/archivos/archivos de prgroama (x86)/atmel/studio/7.0/toolchain/avr8/avr8-gnu-toolchain/bin/../lib/gcc/avr/5.4.0/avr5\libgcc.a(_mulsi3.o)
 .text.libgcc.builtins
                0x00000000        0x0 d:/migue/archivos/archivos de prgroama (x86)/atmel/studio/7.0/toolchain/avr8/avr8-gnu-toolchain/bin/../lib/gcc/avr/5.4.0/avr5\libgcc.a(_mulsi3.o)
 .text.libgcc.fmul
                0x00000000        0x0 d:/migue/archivos/archivos de prgroama (x86)/atmel/studio/7.0/toolchain/avr8/avr8-gnu-toolchain/bin/../lib/gcc/avr/5.4.0/avr5\libgcc.a(_mulsi3.o)
 .text.libgcc.fixed
                0x00000000        0x0 d:/migue/archivos/archivos de prgroama (x86)/atmel/studio/7.0/toolchain/avr8/avr8-gnu-toolchain/bin/../lib/gcc/avr/5.4.0/avr5\libgcc.a(_mulsi3.o)
 .text          0x00000000        0x0 d:/migue/archivos/archivos de prgroama (x86)/atmel/studio/7.0/toolchain/avr8/avr8-gnu-toolchain/bin/../lib/gcc/avr/5.4.0/avr5\libgcc.a(_udivmodsi4.o)
 .data          0x00000000        0x0 d:/migue/archivos/archivos de prgroama (x86)/atmel/studio/7.0/toolchain/avr8/avr8-gnu-toolchain/bin/../lib/gcc/avr/5.4.0/avr5\libgcc.a(_udivmodsi4.o)
 .bss           0x00000000        0x0 d:/migue/archivos/archivos de prgroama (x86)/atmel/studio/7.0/toolchain/avr8/avr8-gnu-toolchain/bin/../lib/gcc/avr/5.4.0/avr5\libgcc.a(_udivmodsi4.o)
 .text.libgcc.mul
                0x00000000        0x0 d:/migue/archivos/archivos de prgroama (x86)/atmel/studio/7.0/toolchain/avr8/avr8-gnu-toolchain/bin/../lib/gcc/avr/5.4.0/avr5\libgcc.a(_udivmodsi4.o)
 .text.libgcc   0x00000000        0x0 d:/migue/archivos/archivos de prgroama (x86)/atmel/studio/7.0/toolchain/avr8/avr8-gnu-toolchain/bin/../lib/gcc/avr/5.4.0/avr5\libgcc.a(_udivmodsi4.o)
 .text.libgcc.prologue
                0x00000000        0x0 d:/migue/archivos/archivos de prgroama (x86)/atmel/studio/7.0/toolchain/avr8/avr8-gnu-toolchain/bin/../lib/gcc/avr/5.4.0/avr5\libgcc.a(_udivmodsi4.o)
 .text.libgcc.builtins
                0x00000000        0x0 d:/migue/archivos/archivos de prgroama (x86)/atmel/studio/7.0/toolchain/avr8/avr8-gnu-toolchain/bin/../lib/gcc/avr/5.4.0/avr5\libgcc.a(_udivmodsi4.o)
 .text.libgcc.fmul
                0x00000000        0x0 d:/migue/archivos/archivos de prgroama (x86)/atmel/studio/7.0/toolchain/avr8/avr8-gnu-toolchain/bin/../lib/gcc/avr/5.4.0/avr5\libgcc.a(_udivmodsi4.o)
 .text.libgcc.fixed
                0x00000000        0x0 d:/migue/archivos/archivos de prgroama (x86)/atmel/studio/7.0/toolchain/avr8/avr8-gnu-toolchain/bin/../lib/gcc/avr/5.4.0/avr5\libgcc.a(_udivmodsi4.o)
 .text          0x00000000        0x0 d:/migue/archivos/archivos de prgroama (x86)/atmel/studio/7.0/toolchain/avr8/avr8-gnu-toolchain/bin/../lib/gcc/avr/5.4.0/avr5\libgcc.a(_exit.o)
 .data          0x00000000        0x0 d:/migue/archivos/archivos de prgroama (x86)/atmel/studio/7.0/toolchain/avr8/avr8-gnu-toolchain/bin/../lib/gcc/avr/5.4.0/avr5\libgcc.a(_exit.o)
 .bss           0x00000000        0x0 d:/migue/archivos/archivos de prgroama (x86)/atmel/studio/7.0/toolchain/avr8/avr8-gnu-toolchain/bin/../lib/gcc/avr/5.4.0/avr5\libgcc.a(_exit.o)
 .text.libgcc.mul
                0x00000000        0x0 d:/migue/archivos/archivos de prgroama (x86)/atmel/studio/7.0/toolchain/avr8/avr8-gnu-toolchain/bin/../lib/gcc/avr/5.4.0/avr5\libgcc.a(_exit.o)
 .text.libgcc.div
                0x00000000        0x0 d:/migue/archivos/archivos de prgroama (x86)/atmel/studio/7.0/toolchain/avr8/avr8-gnu-toolchain/bin/../lib/gcc/avr/5.4.0/avr5\libgcc.a(_exit.o)
 .text.libgcc   0x00000000        0x0 d:/migue/archivos/archivos de prgroama (x86)/atmel/studio/7.0/toolchain/avr8/avr8-gnu-toolchain/bin/../lib/gcc/avr/5.4.0/avr5\libgcc.a(_exit.o)
 .text.libgcc.prologue
                0x00000000        0x0 d:/migue/archivos/archivos de prgroama (x86)/atmel/studio/7.0/toolchain/avr8/avr8-gnu-toolchain/bin/../lib/gcc/avr/5.4.0/avr5\libgcc.a(_exit.o)
 .text.libgcc.builtins
                0x00000000        0x0 d:/migue/archivos/archivos de prgroama (x86)/atmel/studio/7.0/toolchain/avr8/avr8-gnu-toolchain/bin/../lib/gcc/avr/5.4.0/avr5\libgcc.a(_exit.o)
 .text.libgcc.fmul
                0x00000000        0x0 d:/migue/archivos/archivos de prgroama (x86)/atmel/studio/7.0/toolchain/avr8/avr8-gnu-toolchain/bin/../lib/gcc/avr/5.4.0/avr5\libgcc.a(_exit.o)
 .text.libgcc.fixed
                0x00000000        0x0 d:/migue/archivos/archivos de prgroama (x86)/atmel/studio/7.0/toolchain/avr8/avr8-gnu-toolchain/bin/../lib/gcc/avr/5.4.0/avr5\libgcc.a(_exit.o)
 .text          0x00000000        0x0 d:/migue/archivos/archivos de prgroama (x86)/atmel/studio/7.0/toolchain/avr8/avr8-gnu-toolchain/bin/../lib/gcc/avr/5.4.0/avr5\libgcc.a(_copy_data.o)
 .data          0x00000000        0x0 d:/migue/archivos/archivos de prgroama (x86)/atmel/studio/7.0/toolchain/avr8/avr8-gnu-toolchain/bin/../lib/gcc/avr/5.4.0/avr5\libgcc.a(_copy_data.o)
 .bss           0x00000000        0x0 d:/migue/archivos/archivos de prgroama (x86)/atmel/studio/7.0/toolchain/avr8/avr8-gnu-toolchain/bin/../lib/gcc/avr/5.4.0/avr5\libgcc.a(_copy_data.o)
 .text.libgcc.mul
                0x00000000        0x0 d:/migue/archivos/archivos de prgroama (x86)/atmel/studio/7.0/toolchain/avr8/avr8-gnu-toolchain/bin/../lib/gcc/avr/5.4.0/avr5\libgcc.a(_copy_data.o)
 .text.libgcc.div
                0x00000000        0x0 d:/migue/archivos/archivos de prgroama (x86)/atmel/studio/7.0/toolchain/avr8/avr8-gnu-toolchain/bin/../lib/gcc/avr/5.4.0/avr5\libgcc.a(_copy_data.o)
 .text.libgcc   0x00000000        0x0 d:/migue/archivos/archivos de prgroama (x86)/atmel/studio/7.0/toolchain/avr8/avr8-gnu-toolchain/bin/../lib/gcc/avr/5.4.0/avr5\libgcc.a(_copy_data.o)
 .text.libgcc.prologue
                0x00000000        0x0 d:/migue/archivos/archivos de prgroama (x86)/atmel/studio/7.0/toolchain/avr8/avr8-gnu-toolchain/bin/../lib/gcc/avr/5.4.0/avr5\libgcc.a(_copy_data.o)
 .text.libgcc.builtins
                0x00000000        0x0 d:/migue/archivos/archivos de prgroama (x86)/atmel/studio/7.0/toolchain/avr8/avr8-gnu-toolchain/bin/../lib/gcc/avr/5.4.0/avr5\libgcc.a(_copy_data.o)
 .text.libgcc.fmul
                0x00000000        0x0 d:/migue/archivos/archivos de prgroama (x86)/atmel/studio/7.0/toolchain/avr8/avr8-gnu-toolchain/bin/../lib/gcc/avr/5.4.0/avr5\libgcc.a(_copy_data.o)
 .text.libgcc.fixed
                0x00000000        0x0 d:/migue/archivos/archivos de prgroama (x86)/atmel/studio/7.0/toolchain/avr8/avr8-gnu-toolchain/bin/../lib/gcc/avr/5.4.0/avr5\libgcc.a(_copy_data.o)
 .text          0x00000000        0x0 d:/migue/archivos/archivos de prgroama (x86)/atmel/studio/7.0/toolchain/avr8/avr8-gnu-toolchain/bin/../lib/gcc/avr/5.4.0/avr5\libgcc.a(_clear_bss.o)
 .data          0x00000000        0x0 d:/migue/archivos/archivos de prgroama (x86)/atmel/studio/7.0/toolchain/avr8/avr8-gnu-toolchain/bin/../lib/gcc/avr/5.4.0/avr5\libgcc.a(_clear_bss.o)
 .bss           0x00000000        0x0 d:/migue/archivos/archivos de prgroama (x86)/atmel/studio/7.0/toolchain/avr8/avr8-gnu-toolchain/bin/../lib/gcc/avr/5.4.0/avr5\libgcc.a(_clear_bss.o)
 .text.libgcc.mul
                0x00000000        0x0 d:/migue/archivos/archivos de prgroama (x86)/atmel/studio/7.0/toolchain/avr8/avr8-gnu-toolchain/bin/../lib/gcc/avr/5.4.0/avr5\libgcc.a(_clear_bss.o)
 .text.libgcc.div
                0x00000000        0x0 d:/migue/archivos/archivos de prgroama (x86)/atmel/studio/7.0/toolchain/avr8/avr8-gnu-toolchain/bin/../lib/gcc/avr/5.4.0/avr5\libgcc.a(_clear_bss.o)
 .text.libgcc   0x00000000        0x0 d:/migue/archivos/archivos de prgroama (x86)/atmel/studio/7.0/toolchain/avr8/avr8-gnu-toolchain/bin/../lib/gcc/avr/5.4.0/avr5\libgcc.a(_clear_bss.o)
 .text.libgcc.prologue
                0x00000000        0x0 d:/migue/archivos/archivos de prgroama (x86)/atmel/studio/7.0/toolchain/avr8/avr8-gnu-toolchain/bin/../lib/gcc/avr/5.4.0/avr5\libgcc.a(_clear_bss.o)
 .text.libgcc.builtins
                0x00000000        0x0 d:/migue/archivos/archivos de prgroama (x86)/atmel/studio/7.0/toolchain/avr8/avr8-gnu-toolchain/bin/../lib/gcc/avr/5.4.0/avr5\libgcc.a(_clear_bss.o)
 .text.libgcc.fmul
                0x00000000        0x0 d:/migue/archivos/archivos de prgroama (x86)/atmel/studio/7.0/toolchain/avr8/avr8-gnu-toolchain/bin/../lib/gcc/avr/5.4.0/avr5\libgcc.a(_clear_bss.o)
 .text.libgcc.fixed
                0x00000000        0x0 d:/migue/archivos/archivos de prgroama (x86)/atmel/studio/7.0/toolchain/avr8/avr8-gnu-toolchain/bin/../lib/gcc/avr/5.4.0/avr5\libgcc.a(_clear_bss.o)
 .text          0x00000000        0x0 d:/migue/archivos/archivos de prgroama (x86)/atmel/studio/7.0/toolchain/avr8/avr8-gnu-toolchain/bin/../lib/gcc/avr/5.4.0/avr5\libgcc.a(_umulhisi3.o)
 .data          0x00000000        0x0 d:/migue/archivos/archivos de prgroama (x86)/atmel/studio/7.0/toolchain/avr8/avr8-gnu-toolchain/bin/../lib/gcc/avr/5.4.0/avr5\libgcc.a(_umulhisi3.o)
 .bss           0x00000000        0x0 d:/migue/archivos/archivos de prgroama (x86)/atmel/studio/7.0/toolchain/avr8/avr8-gnu-toolchain/bin/../lib/gcc/avr/5.4.0/avr5\libgcc.a(_umulhisi3.o)
 .text.libgcc.div
                0x00000000        0x0 d:/migue/archivos/archivos de prgroama (x86)/atmel/studio/7.0/toolchain/avr8/avr8-gnu-toolchain/bin/../lib/gcc/avr/5.4.0/avr5\libgcc.a(_umulhisi3.o)
 .text.libgcc   0x00000000        0x0 d:/migue/archivos/archivos de prgroama (x86)/atmel/studio/7.0/toolchain/avr8/avr8-gnu-toolchain/bin/../lib/gcc/avr/5.4.0/avr5\libgcc.a(_umulhisi3.o)
 .text.libgcc.prologue
                0x00000000        0x0 d:/migue/archivos/archivos de prgroama (x86)/atmel/studio/7.0/toolchain/avr8/avr8-gnu-toolchain/bin/../lib/gcc/avr/5.4.0/avr5\libgcc.a(_umulhisi3.o)
 .text.libgcc.builtins
                0x00000000        0x0 d:/migue/archivos/archivos de prgroama (x86)/atmel/studio/7.0/toolchain/avr8/avr8-gnu-toolchain/bin/../lib/gcc/avr/5.4.0/avr5\libgcc.a(_umulhisi3.o)
 .text.libgcc.fmul
                0x00000000        0x0 d:/migue/archivos/archivos de prgroama (x86)/atmel/studio/7.0/toolchain/avr8/avr8-gnu-toolchain/bin/../lib/gcc/avr/5.4.0/avr5\libgcc.a(_umulhisi3.o)
 .text.libgcc.fixed
                0x00000000        0x0 d:/migue/archivos/archivos de prgroama (x86)/atmel/studio/7.0/toolchain/avr8/avr8-gnu-toolchain/bin/../lib/gcc/avr/5.4.0/avr5\libgcc.a(_umulhisi3.o)
 .text          0x00000000        0x0 d:/migue/archivos/archivos de prgroama (x86)/atmel/studio/7.0/toolchain/avr8/avr8-gnu-toolchain/bin/../lib/gcc/avr/5.4.0/avr5\libgcc.a(_muluhisi3.o)
 .data          0x00000000        0x0 d:/migue/archivos/archivos de prgroama (x86)/atmel/studio/7.0/toolchain/avr8/avr8-gnu-toolchain/bin/../lib/gcc/avr/5.4.0/avr5\libgcc.a(_muluhisi3.o)
 .bss           0x00000000        0x0 d:/migue/archivos/archivos de prgroama (x86)/atmel/studio/7.0/toolchain/avr8/avr8-gnu-toolchain/bin/../lib/gcc/avr/5.4.0/avr5\libgcc.a(_muluhisi3.o)
 .text.libgcc.div
                0x00000000        0x0 d:/migue/archivos/archivos de prgroama (x86)/atmel/studio/7.0/toolchain/avr8/avr8-gnu-toolchain/bin/../lib/gcc/avr/5.4.0/avr5\libgcc.a(_muluhisi3.o)
 .text.libgcc   0x00000000        0x0 d:/migue/archivos/archivos de prgroama (x86)/atmel/studio/7.0/toolchain/avr8/avr8-gnu-toolchain/bin/../lib/gcc/avr/5.4.0/avr5\libgcc.a(_muluhisi3.o)
 .text.libgcc.prologue
                0x00000000        0x0 d:/migue/archivos/archivos de prgroama (x86)/atmel/studio/7.0/toolchain/avr8/avr8-gnu-toolchain/bin/../lib/gcc/avr/5.4.0/avr5\libgcc.a(_muluhisi3.o)
 .text.libgcc.builtins
                0x00000000        0x0 d:/migue/archivos/archivos de prgroama (x86)/atmel/studio/7.0/toolchain/avr8/avr8-gnu-toolchain/bin/../lib/gcc/avr/5.4.0/avr5\libgcc.a(_muluhisi3.o)
 .text.libgcc.fmul
                0x00000000        0x0 d:/migue/archivos/archivos de prgroama (x86)/atmel/studio/7.0/toolchain/avr8/avr8-gnu-toolchain/bin/../lib/gcc/avr/5.4.0/avr5\libgcc.a(_muluhisi3.o)
 .text.libgcc.fixed
                0x00000000        0x0 d:/migue/archivos/archivos de prgroama (x86)/atmel/studio/7.0/toolchain/avr8/avr8-gnu-toolchain/bin/../lib/gcc/avr/5.4.0/avr5\libgcc.a(_muluhisi3.o)

Memory Configuration

Name             Origin             Length             Attributes
text             0x00000000         0x00008000         xr
data             0x00800100         0x00000800         rw !x
eeprom           0x00810000         0x00000400         rw !x
fuse             0x00820000         0x00000003         rw !x
lock             0x00830000         0x00000400         rw !x
signature        0x00840000         0x00000400         rw !x
user_signatures  0x00850000         0x00000400         rw !x
*default*        0x00000000         0xffffffff

Linker script and memory map

Address of section .data set to 0x800100
LOAD D:/migue/Archivos/Archivos de prgroama (x86)/Atmel/Studio/7.0/Packs/atmel/ATmega_DFP/1.7.374/gcc/dev/atmega328p/avr5/crtatmega328p.o
LOAD ADCLIBS/ADC.o
LOAD EEPROM/EEPROM.o
LOAD main.o
LOAD PWMLIBS/PWM.o
LOAD TIMERSLIBS/TIMER.o
LOAD UARTLIBS/UART.o
START GROUP
LOAD d:/migue/archivos/archivos de prgroama (x86)/atmel/studio/7.0/toolchain/avr8/avr8-gnu-toolchain/bin/../lib/gcc/avr/5.4.0/../../../../avr/lib/avr5\libm.a
END GROUP
START GROUP
LOAD d:/migue/archivos/archivos de prgroama (x86)/atmel/studio/7.0/toolchain/avr8/avr8-gnu-toolchain/bin/../lib/gcc/avr/5.4.0/avr5\libgcc.a
LOAD d:/migue/archivos/archivos de prgroama (x86)/atmel/studio/7.0/toolchain/avr8/avr8-gnu-toolchain/bin/../lib/gcc/avr/5.4.0/../../../../avr/lib/avr5\libm.a
LOAD d:/migue/archivos/archivos de prgroama (x86)/atmel/studio/7.0/toolchain/avr8/avr8-gnu-toolchain/bin/../lib/gcc/avr/5.4.0/../../../../avr/lib/avr5\libc.a
LOAD D:/migue/Archivos/Archivos de prgroama (x86)/Atmel/Studio/7.0/Packs/atmel/ATmega_DFP/1.7.374/gcc/dev/atmega328p/avr5\libatmega328p.a
END GROUP
                0x00000000                __TEXT_REGION_ORIGIN__ = DEFINED (__TEXT_REGION_ORIGIN__)?__TEXT_REGION_ORIGIN__:0x0
                [0x00800100]                __DATA_REGION_ORIGIN__ = DEFINED (__DATA_REGION_ORIGIN__)?__DATA_REGION_ORIGIN__:0x800060
                [0x00008000]                __TEXT_REGION_LENGTH__ = DEFINED (__TEXT_REGION_LENGTH__)?__TEXT_REGION_LENGTH__:0x20000
                [0x00000800]                __DATA_REGION_LENGTH__ = DEFINED (__DATA_REGION_LENGTH__)?__DATA_REGION_LENGTH__:0xffa0
                [0x00000400]                __EEPROM_REGION_LENGTH__ = DEFINED (__EEPROM_REGION_LENGTH__)?__EEPROM_REGION_LENGTH__:0x10000
                [0x00000003]                __FUSE_REGION_LENGTH__ = DEFINED (__FUSE_REGION_LENGTH__)?__FUSE_REGION_LENGTH__:0x400
                0x00000400                __LOCK_REGION_LENGTH__ = DEFINED (__LOCK_REGION_LENGTH__)?__LOCK_REGION_LENGTH__:0x400
                0x00000400                __SIGNATURE_REGION_LENGTH__ = DEFINED (__SIGNATURE_REGION_LENGTH__)?__SIGNATURE_REGION_LENGTH__:0x400
                0x00000400                __USER_SIGNATURE_REGION_LENGTH__ = DEFINED (__USER_SIGNATURE_REGION_LENGTH__)?__USER_SIGNATURE_REGION_LENGTH__:0x400

.hash
 *(.hash)

.dynsym
 *(.dynsym)

.dynstr
 *(.dynstr)

.gnu.version
 *(.gnu.version)

.gnu.version_d
 *(.gnu.version_d)

.gnu.version_r
 *(.gnu.version_r)

.rel.init
 *(.rel.init)

.rela.init
 *(.rela.init)

.rel.text
 *(.rel.text)
 *(.rel.text.*)
 *(.rel.gnu.linkonce.t*)

.rela.text
 *(.rela.text)
 *(.rela.text.*)
 *(.rela.gnu.linkonce.t*)

.rel.fini
 *(.rel.fini)

.rela.fini
 *(.rela.fini)

.rel.rodata
 *(.rel.rodata)
 *(.rel.rodata.*)
 *(.rel.gnu.linkonce.r*)

.rela.rodata
 *(.rela.rodata)
 *(.rela.rodata.*)
 *(.rela.gnu.linkonce.r*)

.rel.data
 *(.rel.data)
 *(.rel.data.*)
 *(.rel.gnu.linkonce.d*)

.rela.data
 *(.rela.data)
 *(.rela.data.*)
 *(.rela.gnu.linkonce.d*)

.rel.ctors
 *(.rel.ctors)

.rela.ctors
 *(.rela.ctors)

.rel.dtors
 *(.rel.dtors)

.rela.dtors
 *(.rela.dtors)

.rel.got
 *(.rel.got)

.rela.got
 *(.rela.got)

.rel.bss
 *(.rel.bss)

.rela.bss
 *(.rela.bss)

.rel.plt
 *(.rel.plt)

.rela.plt
 *(.rela.plt)

.text           0x00000000      0xaea
 *(.vectors)
 .vectors       0x00000000       0x68 D:/migue/Archivos/Archivos de prgroama (x86)/Atmel/Studio/7.0/Packs/atmel/ATmega_DFP/1.7.374/gcc/dev/atmega328p/avr5/crtatmega328p.o
                0x00000000                __vector_default
                0x00000000                __vectors
 *(.vectors)
 *(.progmem.gcc*)
                0x00000068                . = ALIGN (0x2)
                0x00000068                __trampolines_start = .
 *(.trampolines)
 .trampolines   0x00000068        0x0 linker stubs
 *(.trampolines*)
                0x00000068                __trampolines_end = .
 *libprintf_flt.a:*(.progmem.data)
 *libc.a:*(.progmem.data)
 *(.progmem*)
                0x00000068                . = ALIGN (0x2)
 *(.jumptables)
 *(.jumptables*)
 *(.lowtext)
 *(.lowtext*)
                0x00000068                __ctors_start = .
 *(.ctors)
                0x00000068                __ctors_end = .
                0x00000068                __dtors_start = .
 *(.dtors)
                0x00000068                __dtors_end = .
 SORT(*)(.ctors)
 SORT(*)(.dtors)
 *(.init0)
 .init0         0x00000068        0x0 D:/migue/Archivos/Archivos de prgroama (x86)/Atmel/Studio/7.0/Packs/atmel/ATmega_DFP/1.7.374/gcc/dev/atmega328p/avr5/crtatmega328p.o
                0x00000068                __init
 *(.init0)
 *(.init1)
 *(.init1)
 *(.init2)
 .init2         0x00000068        0xc D:/migue/Archivos/Archivos de prgroama (x86)/Atmel/Studio/7.0/Packs/atmel/ATmega_DFP/1.7.374/gcc/dev/atmega328p/avr5/crtatmega328p.o
 *(.init2)
 *(.init3)
 *(.init3)
 *(.init4)
 .init4         0x00000074       0x16 d:/migue/archivos/archivos de prgroama (x86)/atmel/studio/7.0/toolchain/avr8/avr8-gnu-toolchain/bin/../lib/gcc/avr/5.4.0/avr5\libgcc.a(_copy_data.o)
                0x00000074                __do_copy_data
 .init4         0x0000008a       0x10 d:/migue/archivos/archivos de prgroama (x86)/atmel/studio/7.0/toolchain/avr8/avr8-gnu-toolchain/bin/../lib/gcc/avr/5.4.0/avr5\libgcc.a(_clear_bss.o)
                0x0000008a                __do_clear_bss
 *(.init4)
 *(.init5)
 *(.init5)
 *(.init6)
 *(.init6)
 *(.init7)
 *(.init7)
 *(.init8)
 *(.init8)
 *(.init9)
 .init9         0x0000009a        0x8 D:/migue/Archivos/Archivos de prgroama (x86)/Atmel/Studio/7.0/Packs/atmel/ATmega_DFP/1.7.374/gcc/dev/atmega328p/avr5/crtatmega328p.o
 *(.init9)
 *(.text)
 .text          0x000000a2        0x4 D:/migue/Archivos/Archivos de prgroama (x86)/Atmel/Studio/7.0/Packs/atmel/ATmega_DFP/1.7.374/gcc/dev/atmega328p/avr5/crtatmega328p.o
                0x000000a2                __vector_22
                0x000000a2                __vector_1
                0x000000a2                __vector_24
                0x000000a2                __vector_12
                0x000000a2                __bad_interrupt
                0x000000a2                __vector_6
                0x000000a2                __vector_3
                0x000000a2                __vector_23
                0x000000a2                __vector_25
                0x000000a2                __vector_13
                0x000000a2                __vector_17
                0x000000a2                __vector_19
                0x000000a2                __vector_7
                0x000000a2                __vector_5
                0x000000a2                __vector_4
                0x000000a2                __vector_9
                0x000000a2                __vector_2
                0x000000a2                __vector_21
                0x000000a2                __vector_15
                0x000000a2                __vector_8
                0x000000a2                __vector_10
                0x000000a2                __vector_16
                0x000000a2                __vector_18
                0x000000a2                __vector_20
                0x000000a6                . = ALIGN (0x2)
 *(.text.*)
 .text.initADC  0x000000a6       0x12 ADCLIBS/ADC.o
                0x000000a6                initADC
 .text.readADC  0x000000b8       0x2a ADCLIBS/ADC.o
                0x000000b8                readADC
 .text.initEEPROM
                0x000000e2        0x8 EEPROM/EEPROM.o
                0x000000e2                initEEPROM
 .text.readEEPROM
                0x000000ea       0x12 EEPROM/EEPROM.o
                0x000000ea                readEEPROM
 .text.writeEEPROM
                0x000000fc       0x24 EEPROM/EEPROM.o
                0x000000fc                writeEEPROM
 .text.updateEEPROM
                0x00000120       0x22 EEPROM/EEPROM.o
                0x00000120                updateEEPROM
 .text.readEEPROM_Block
                0x00000142       0x48 EEPROM/EEPROM.o
                0x00000142                readEEPROM_Block
 .text.writeEEPROM_Block
                0x0000018a       0x3e EEPROM/EEPROM.o
                0x0000018a                writeEEPROM_Block
 .text.inicializarBotones
                0x000001c8        0xe main.o
 .text.inicializarLED
                0x000001d6        0xe main.o
 .text.botonPresionado
                0x000001e4       0x50 main.o
 .text.iniciarLEDGuardar
                0x00000234       0x16 main.o
 .text.iniciarLEDReproducir
                0x0000024a       0x1a main.o
 .text.gestionarLED
                0x00000264       0x70 main.o
 .text.inicializarHardware
                0x000002d4       0x98 main.o
 .text.actualizarServosManual
                0x0000036c       0x2c main.o
 .text.guardarPosicion
                0x00000398       0x7c main.o
 .text.cargarPosicion
                0x00000414       0x88 main.o
 .text.imprimirNumero
                0x0000049c       0x22 main.o
 .text.main     0x000004be       0xbc main.o
                0x000004be                main
 .text.__vector_14
                0x0000057a       0x22 main.o
                0x0000057a                __vector_14
 .text.Servo_ISRHandler
                0x0000059c       0xba PWMLIBS/PWM.o
 .text.Servo_init
                0x00000656       0x5c PWMLIBS/PWM.o
                0x00000656                Servo_init
 .text.Servo_attach
                0x000006b2       0xd0 PWMLIBS/PWM.o
                0x000006b2                Servo_attach
 .text.Servo_writeMicroseconds
                0x00000782       0x44 PWMLIBS/PWM.o
                0x00000782                Servo_writeMicroseconds
 .text.Servo_mapADC
                0x000007c6       0x2a PWMLIBS/PWM.o
                0x000007c6                Servo_mapADC
 .text.Servo_writeADC
                0x000007f0       0x1a PWMLIBS/PWM.o
                0x000007f0                Servo_writeADC
 .text.Servo_mapAngle
                0x0000080a       0x26 PWMLIBS/PWM.o
                0x0000080a                Servo_mapAngle
 .text.Servo_writeAngle
                0x00000830       0x1a PWMLIBS/PWM.o
                0x00000830                Servo_writeAngle
 .text.Servo_getAngle
                0x0000084a       0x58 PWMLIBS/PWM.o
                0x0000084a                Servo_getAngle
 .text.__vector_11
                0x000008a2       0x48 PWMLIBS/PWM.o
                0x000008a2                __vector_11
 .text.getTimer0PrescalerBits
                0x000008ea       0x3c TIMERSLIBS/TIMER.o
 .text.timer0ClearCompareAFlag
                0x00000926        0x8 TIMERSLIBS/TIMER.o
                0x00000926                timer0ClearCompareAFlag
 .text.initTimer0_CTC
                0x0000092e       0x20 TIMERSLIBS/TIMER.o
                0x0000092e                initTimer0_CTC
 .text.timer0_usToTicks
                0x0000094e       0x62 TIMERSLIBS/TIMER.o
                0x0000094e                timer0_usToTicks
 .text.initUART_Baud
                0x000009b0       0x4e UARTLIBS/UART.o
                0x000009b0                initUART_Baud
 .text.initUART
                0x000009fe        0xe UARTLIBS/UART.o
                0x000009fe                initUART
 .text.writeChar
                0x00000a0c        0xe UARTLIBS/UART.o
                0x00000a0c                writeChar
 .text.writeString
                0x00000a1a       0x26 UARTLIBS/UART.o
                0x00000a1a                writeString
 .text.writeNewLine
                0x00000a40        0xe UARTLIBS/UART.o
                0x00000a40                writeNewLine
 .text.libgcc.mul
                0x00000a4e       0x20 d:/migue/archivos/archivos de prgroama (x86)/atmel/studio/7.0/toolchain/avr8/avr8-gnu-toolchain/bin/../lib/gcc/avr/5.4.0/avr5\libgcc.a(_mulsi3.o)
                0x00000a4e                __mulsi3
 .text.libgcc.div
                0x00000a6e       0x44 d:/migue/archivos/archivos de prgroama (x86)/atmel/studio/7.0/toolchain/avr8/avr8-gnu-toolchain/bin/../lib/gcc/avr/5.4.0/avr5\libgcc.a(_udivmodsi4.o)
                0x00000a6e                __udivmodsi4
 .text.libgcc.mul
                0x00000ab2       0x1e d:/migue/archivos/archivos de prgroama (x86)/atmel/studio/7.0/toolchain/avr8/avr8-gnu-toolchain/bin/../lib/gcc/avr/5.4.0/avr5\libgcc.a(_umulhisi3.o)
                0x00000ab2                __umulhisi3
 .text.libgcc.mul
                0x00000ad0       0x16 d:/migue/archivos/archivos de prgroama (x86)/atmel/studio/7.0/toolchain/avr8/avr8-gnu-toolchain/bin/../lib/gcc/avr/5.4.0/avr5\libgcc.a(_muluhisi3.o)
                0x00000ad0                __muluhisi3
                0x00000ae6                . = ALIGN (0x2)
 *(.fini9)
 .fini9         0x00000ae6        0x0 d:/migue/archivos/archivos de prgroama (x86)/atmel/studio/7.0/toolchain/avr8/avr8-gnu-toolchain/bin/../lib/gcc/avr/5.4.0/avr5\libgcc.a(_exit.o)
                0x00000ae6                _exit
                0x00000ae6                exit
 *(.fini9)
 *(.fini8)
 *(.fini8)
 *(.fini7)
 *(.fini7)
 *(.fini6)
 *(.fini6)
 *(.fini5)
 *(.fini5)
 *(.fini4)
 *(.fini4)
 *(.fini3)
 *(.fini3)
 *(.fini2)
 *(.fini2)
 *(.fini1)
 *(.fini1)
 *(.fini0)
 .fini0         0x00000ae6        0x4 d:/migue/archivos/archivos de prgroama (x86)/atmel/studio/7.0/toolchain/avr8/avr8-gnu-toolchain/bin/../lib/gcc/avr/5.4.0/avr5\libgcc.a(_exit.o)
 *(.fini0)
                0x00000aea                _etext = .

.data           0x00800100       0x34 load address 0x00000aea
                0x00800100                PROVIDE (__data_start, .)
 *(.data)
 *(.data*)
 .data.estAnt.1752
                0x00800100        0x1 main.o
 .data.estAnt.1750
                0x00800101        0x1 main.o
 *(.gnu.linkonce.d*)
 *(.rodata)
 *(.rodata*)
 .rodata.str1.1
                0x00800102       0x32 main.o
 *(.gnu.linkonce.r*)
                0x00800134                . = ALIGN (0x2)
                0x00800134                _edata = .
                0x00800134                PROVIDE (__data_end, .)

.bss            0x00800134       0x38
                0x00800134                PROVIDE (__bss_start, .)
 *(.bss)
 *(.bss*)
 .bss.ultTick.1753
                0x00800134        0x1 main.o
 .bss.ultTick.1751
                0x00800135        0x1 main.o
 .bss.contParpadeos
                0x00800136        0x1 main.o
 .bss.tickInicioLED
                0x00800137        0x1 main.o
 .bss.estadoLED
                0x00800138        0x1 main.o
 .bss.indiceReproducir
                0x00800139        0x1 main.o
 .bss.indiceGuardar
                0x0080013a        0x1 main.o
 .bss.modoActual
                0x0080013b        0x1 main.o
 .bss.ticks10ms
                0x0080013c        0x1 main.o
                0x0080013c                ticks10ms
 .bss.servos    0x0080013d        0x8 main.o
 .bss.servoD9   0x00800145        0x7 main.o
 .bss.servoD6   0x0080014c        0x7 main.o
 .bss.servoD5   0x00800153        0x7 main.o
 .bss.servoD3   0x0080015a        0x7 main.o
 .bss.servoCounter
                0x00800161        0x2 PWMLIBS/PWM.o
 .bss.servoTotal
                0x00800163        0x1 PWMLIBS/PWM.o
 .bss.servoDevices
                0x00800164        0x8 PWMLIBS/PWM.o
 *(COMMON)
                0x0080016c                PROVIDE (__bss_end, .)
                0x00000aea                __data_load_start = LOADADDR (.data)
                0x00000b1e                __data_load_end = (__data_load_start + SIZEOF (.data))

.noinit         0x0080016c        0x0
                [!provide]                PROVIDE (__noinit_start, .)
 *(.noinit*)
                [!provide]                PROVIDE (__noinit_end, .)
                0x0080016c                _end = .
                [!provide]                PROVIDE (__heap_start, .)

.eeprom         0x00810000        0x0
 *(.eeprom*)
                0x00810000                __eeprom_end = .

.fuse
 *(.fuse)
 *(.lfuse)
 *(.hfuse)
 *(.efuse)

.lock
 *(.lock*)

.signature
 *(.signature*)

.user_signatures
 *(.user_signatures*)

.stab
 *(.stab)

.stabstr
 *(.stabstr)

.stab.excl
 *(.stab.excl)

.stab.exclstr
 *(.stab.exclstr)

.stab.index
 *(.stab.index)

.stab.indexstr
 *(.stab.indexstr)

.comment        0x00000000       0x30
 *(.comment)
 .comment       0x00000000       0x30 ADCLIBS/ADC.o
                                 0x31 (size before relaxing)
 .comment       0x00000030       0x31 EEPROM/EEPROM.o
 .comment       0x00000030       0x31 main.o
 .comment       0x00000030       0x31 PWMLIBS/PWM.o
 .comment       0x00000030       0x31 TIMERSLIBS/TIMER.o
 .comment       0x00000030       0x31 UARTLIBS/UART.o

.note.gnu.avr.deviceinfo
                0x00000000       0x40
 .note.gnu.avr.deviceinfo
                0x00000000       0x40 D:/migue/Archivos/Archivos de prgroama (x86)/Atmel/Studio/7.0/Packs/atmel/ATmega_DFP/1.7.374/gcc/dev/atmega328p/avr5/crtatmega328p.o

.note.gnu.build-id
 *(.note.gnu.build-id)

.debug
 *(.debug)

.line
 *(.line)

.debug_srcinfo
 *(.debug_srcinfo)

.debug_sfnames
 *(.debug_sfnames)

.debug_aranges  0x00000000      0x250
 *(.debug_aranges)
 .debug_aranges
                0x00000000       0x30 ADCLIBS/ADC.o
 .debug_aranges
                0x00000030       0x48 EEPROM/EEPROM.o
 .debug_aranges
                0x00000078       0x80 main.o
 .debug_aranges
                0x000000f8       0x68 PWMLIBS/PWM.o
 .debug_aranges
                0x00000160       0x98 TIMERSLIBS/TIMER.o
 .debug_aranges
                0x000001f8       0x58 UARTLIBS/UART.o

.debug_pubnames
 *(.debug_pubnames)

.debug_info     0x00000000     0x1b88
 *(.debug_info .gnu.linkonce.wi.*)
 .debug_info    0x00000000      0x5f4 D:/migue/Archivos/Archivos de prgroama (x86)/Atmel/Studio/7.0/Packs/atmel/ATmega_DFP/1.7.374/gcc/dev/atmega328p/avr5/crtatmega328p.o
 .debug_info    0x000005f4      0x106 ADCLIBS/ADC.o
 .debug_info    0x000006fa      0x23a EEPROM/EEPROM.o
 .debug_info    0x00000934      0x8c1 main.o
 .debug_info    0x000011f5      0x3d1 PWMLIBS/PWM.o
 .debug_info    0x000015c6      0x336 TIMERSLIBS/TIMER.o
 .debug_info    0x000018fc      0x28c UARTLIBS/UART.o

.debug_abbrev   0x00000000      0xe41
 *(.debug_abbrev)
 .debug_abbrev  0x00000000      0x5a2 D:/migue/Archivos/Archivos de prgroama (x86)/Atmel/Studio/7.0/Packs/atmel/ATmega_DFP/1.7.374/gcc/dev/atmega328p/avr5/crtatmega328p.o
 .debug_abbrev  0x000005a2       0xbc ADCLIBS/ADC.o
 .debug_abbrev  0x0000065e      0x13c EEPROM/EEPROM.o
 .debug_abbrev  0x0000079a      0x25f main.o
 .debug_abbrev  0x000009f9      0x1b8 PWMLIBS/PWM.o
 .debug_abbrev  0x00000bb1      0x140 TIMERSLIBS/TIMER.o
 .debug_abbrev  0x00000cf1      0x150 UARTLIBS/UART.o

.debug_line     0x00000000     0x11c3
 *(.debug_line .debug_line.* .debug_line_end)
 .debug_line    0x00000000      0x134 D:/migue/Archivos/Archivos de prgroama (x86)/Atmel/Studio/7.0/Packs/atmel/ATmega_DFP/1.7.374/gcc/dev/atmega328p/avr5/crtatmega328p.o
 .debug_line    0x00000134      0x123 ADCLIBS/ADC.o
 .debug_line    0x00000257      0x1dd EEPROM/EEPROM.o
 .debug_line    0x00000434      0x4c9 main.o
 .debug_line    0x000008fd      0x378 PWMLIBS/PWM.o
 .debug_line    0x00000c75      0x30f TIMERSLIBS/TIMER.o
 .debug_line    0x00000f84      0x23f UARTLIBS/UART.o

.debug_frame    0x00000000      0x56c
 *(.debug_frame)
 .debug_frame   0x00000000       0x44 ADCLIBS/ADC.o
 .debug_frame   0x00000044       0xcc EEPROM/EEPROM.o
 .debug_frame   0x00000110      0x140 main.o
 .debug_frame   0x00000250      0x114 PWMLIBS/PWM.o
 .debug_frame   0x00000364      0x148 TIMERSLIBS/TIMER.o
 .debug_frame   0x000004ac       0xc0 UARTLIBS/UART.o

.debug_str      0x00000000      0x97e
 *(.debug_str)
 .debug_str     0x00000000      0x208 D:/migue/Archivos/Archivos de prgroama (x86)/Atmel/Studio/7.0/Packs/atmel/ATmega_DFP/1.7.374/gcc/dev/atmega328p/avr5/crtatmega328p.o
 .debug_str     0x00000208      0x193 ADCLIBS/ADC.o
                                0x1c7 (size before relaxing)
 .debug_str     0x0000039b       0xaa EEPROM/EEPROM.o
                                0x233 (size before relaxing)
 .debug_str     0x00000445      0x2be main.o
                                0x494 (size before relaxing)
 .debug_str     0x00000703       0xcb PWMLIBS/PWM.o
                                0x2e0 (size before relaxing)
 .debug_str     0x000007ce      0x13b TIMERSLIBS/TIMER.o
                                0x2e4 (size before relaxing)
 .debug_str     0x00000909       0x75 UARTLIBS/UART.o
                                0x241 (size before relaxing)

.debug_loc      0x00000000     0x10bd
 *(.debug_loc)
 .debug_loc     0x00000000       0x67 ADCLIBS/ADC.o
 .debug_loc     0x00000067      0x357 EEPROM/EEPROM.o
 .debug_loc     0x000003be      0x2bb main.o
 .debug_loc     0x00000679      0x460 PWMLIBS/PWM.o
 .debug_loc     0x00000ad9      0x3f8 TIMERSLIBS/TIMER.o
 .debug_loc     0x00000ed1      0x1ec UARTLIBS/UART.o

.debug_macinfo
 *(.debug_macinfo)

.debug_weaknames
 *(.debug_weaknames)

.debug_funcnames
 *(.debug_funcnames)

.debug_typenames
 *(.debug_typenames)

.debug_varnames
 *(.debug_varnames)

.debug_pubtypes
 *(.debug_pubtypes)

.debug_ranges   0x00000000      0x1f0
 *(.debug_ranges)
 .debug_ranges  0x00000000       0x20 ADCLIBS/ADC.o
 .debug_ranges  0x00000020       0x38 EEPROM/EEPROM.o
 .debug_ranges  0x00000058       0x70 main.o
 .debug_ranges  0x000000c8       0x58 PWMLIBS/PWM.o
 .debug_ranges  0x00000120       0x88 TIMERSLIBS/TIMER.o
 .debug_ranges  0x000001a8       0x48 UARTLIBS/UART.o

.debug_macro
 *(.debug_macro)
OUTPUT(PROYECTO 2.elf elf32-avr)
LOAD linker stubs
